mac@Macs-MacBook-Pro gif-demo % cd GIF
mac@Macs-MacBook-Pro GIF % git init
Reinitialized existing Git repository in /Users/mac/Documents/gif-demo/GIF/.git/
mac@Macs-MacBook-Pro GIF % ls - la
ls: -: No such file or directory
ls: la: No such file or directory
mac@Macs-MacBook-Pro GIF % ls -la
total 0
drwxr-xr-x   3 mac  staff   96 Apr 11 19:26 .
drwxr-xr-x   3 mac  staff   96 Apr 11 19:24 ..
drwxr-xr-x  10 mac  staff  320 Apr 11 19:27 .git
mac@Macs-MacBook-Pro GIF % git add .
mac@Macs-MacBook-Pro GIF % git add.
git: 'add.' is not a git command. See 'git --help'.

The most similar command is
        add
mac@Macs-MacBook-Pro GIF % git add .
mac@Macs-MacBook-Pro GIF % git commit - m "11/4"
error: pathspec '-' did not match any file(s) known to git.
error: pathspec 'm' did not match any file(s) known to git.
error: pathspec '11/4' did not match any file(s) known to git.
mac@Macs-MacBook-Pro GIF % git commit -m "11/4"
[master (root-commit) 3da748d] 11/4
 1 file changed, 1 insertion(+)
 create mode 100644 demo.txt
mac@Macs-MacBook-Pro GIF % git log -v
commit 3da748ddd3ab9ccd3b4dc838ae64459f5671ab1b (HEAD -> master)
Author: hoangdang447 <138879473+hoangdang447@users.noreply.github.com>
Date:   Thu Apr 11 19:42:41 2024 +0700

    11/4
mac@Macs-MacBook-Pro GIF % git add .
mac@Macs-MacBook-Pro GIF % git log --oneline
3da748d (HEAD -> master) 11/4
mac@Macs-MacBook-Pro GIF % git add .
mac@Macs-MacBook-Pro GIF % git commit -m "12/4"
[master cfab655] 12/4
 1 file changed, 1 insertion(+), 1 deletion(-)
mac@Macs-MacBook-Pro GIF % git add .
mac@Macs-MacBook-Pro GIF % git commit -m "30/4"
[master 35da1dc] 30/4
 1 file changed, 2 insertions(+), 1 deletion(-)
mac@Macs-MacBook-Pro GIF % git log -oneline
fatal: unrecognized argument: -oneline
mac@Macs-MacBook-Pro GIF % git log --oneline
35da1dc (HEAD -> master) 30/4
cfab655 12/4
3da748d 11/4
mac@Macs-MacBook-Pro GIF % git reset --oneline
error: unknown option `oneline'
usage: git reset [--mixed | --soft | --hard | --merge | --keep] [-q] [<commit>]
   or: git reset [-q] [<tree-ish>] [--] <paths>...
   or: git reset --patch [<tree-ish>] [--] [<paths>...]

    -q, --quiet           be quiet, only report errors
    --mixed               reset HEAD and index
    --soft                reset only HEAD
    --hard                reset HEAD, index and working tree
    --merge               reset HEAD, index and working tree
    --keep                reset HEAD but keep local changes
    --recurse-submodules[=<reset>]
                          control recursive updating of submodules
    -p, --patch           select hunks interactively
    -N, --intent-to-add   record only the fact that removed paths will be added later

mac@Macs-MacBook-Pro GIF % git reset --hard 3da748d 
HEAD is now at 3da748d 11/4
